// Jest Snapshot v1, https://goo.gl/fbAQLP

exports[`Home component test snapshot renders 1`] = `
<section
  className="homeSection"
>
  <h1>
    Welcome to our page!
  </h1>
  <p>
    "Math magicians" is a website for all fans of mathematics. It is a Single Page App (SPA) that allows users to:
  </p>
  <ul>
    <li>
      Make simple calculations.
    </li>
    <li>
      Read a random math-related quote.
    </li>
  </ul>
</section>
`;
