// Jest Snapshot v1, https://goo.gl/fbAQLP

exports[`Quote component test snapshot renders 1`] = `
<section
  className="quoteSection"
>
  <p>
    "
    The art of doing mathematics is finding that special case that contains all the germs of generality.
    "  
    <span>
      --
      David Gilbert
      ;
    </span>
  </p>
</section>
`;
